ata_hussain_fani_chishti	gaya_india
camiguin	philippines
werner_van_den_valckert	amsterdam
gia_carangi	philadelphia
